🔍 เริ่มสแกน Binance Futures...

 ⛅️ wrangler 4.123.0
────────────────────
Resource location: remote 

Writing the contents of C:\Users\Hello\AppData\Local\Temp\kv_signal_log.json to the key "signal_log" on namespace id: "daa5f58e90f04dd4b01e528eb1a7cbab".

 ⛅️ wrangler 4.123.0
────────────────────
Resource location: remote 

Writing the contents of C:\Users\Hello\AppData\Local\Temp\kv_last_scan.json to the key "last_scan" on namespace id: "daa5f58e90f04dd4b01e528eb1a7cbab".
✅ Scan done: 10 coins, 0 closed, 8 open
🔍 เริ่มสแกน Binance Futures...

 ⛅️ wrangler 4.123.0
────────────────────
Resource location: remote 

Writing the contents of C:\Users\Hello\AppData\Local\Temp\kv_signal_log.json to the key "signal_log" on namespace id: "daa5f58e90f04dd4b01e528eb1a7cbab".

 ⛅️ wrangler 4.123.0
────────────────────
Resource location: remote 

Writing the contents of C:\Users\Hello\AppData\Local\Temp\kv_last_scan.json to the key "last_scan" on namespace id: "daa5f58e90f04dd4b01e528eb1a7cbab".
✅ Scan done: 10 coins, 0 closed, 8 open
